python : Traceback (most recent call last):
No linha:1 caractere:1
+ python test_deduplication.py > test_output.txt 2>&1; cat test_output. ...
+ ~~~~~~~~~~~~~~~~~~~~~~~~~~~~~~~~~~~~~~~~~~~~~~~~~~~
    + CategoryInfo          : NotSpecified: (Traceback (most recent call last)::String) [], RemoteException
    + FullyQualifiedErrorId : NativeCommandError
 
  File "D:\Git\CriEduc.SmartQuest\test_deduplication.py", line 100, in <module>
    result = asyncio.run(test_deduplication())
  File "C:\Users\Wander Bergami\AppData\Local\Programs\Python\Python39\lib\asyncio\runners.py", line 44, in run
    return loop.run_until_complete(main)
  File "C:\Users\Wander Bergami\AppData\Local\Programs\Python\Python39\lib\asyncio\base_events.py", line 642, in run_until_complete
    return future.result()
  File "D:\Git\CriEduc.SmartQuest\test_deduplication.py", line 21, in test_deduplication
    print(f"\U0001f4c2 Carregando arquivo: {azure_file}")
  File "C:\Users\Wander Bergami\AppData\Local\Programs\Python\Python39\lib\encodings\cp1252.py", line 19, in encode
    return codecs.charmap_encode(input,self.errors,encoding_table)[0]
UnicodeEncodeError: 'charmap' codec can't encode character '\U0001f4c2' in position 0: character maps to <undefined>

During handling of the above exception, another exception occurred:

Traceback (most recent call last):
  File "D:\Git\CriEduc.SmartQuest\test_deduplication.py", line 103, in <module>
    print(f"\n\u274c Erro durante teste: {e}")
  File "C:\Users\Wander Bergami\AppData\Local\Programs\Python\Python39\lib\encodings\cp1252.py", line 19, in encode
    return codecs.charmap_encode(input,self.errors,encoding_table)[0]
UnicodeEncodeError: 'charmap' codec can't encode character '\u274c' in position 2: character maps to <undefined>
